C51 COMPILER V9.59.0.0   MAIN                                                              11/06/2020 17:12:18 PAGE 1   


C51 COMPILER V9.59.0.0, COMPILATION OF MODULE MAIN
OBJECT MODULE PLACED IN .\Objects\main.obj
COMPILER INVOKED BY: C:\Keil_v5\C51\BIN\C51.EXE main.c OPTIMIZE(8,SPEED) BROWSE DEBUG OBJECTEXTEND PRINT(.\Listings\main
                    -.lst) TABS(2) OBJECT(.\Objects\main.obj)

line level    source

   1          #include "STC15F2K60S2.H"
   2          #include "stdio.h"
   3          #include "tim.h"
   4          #include "delay.h"
   5          #include "typedef.h"
   6          #include "hc138.h"
   7          #include "led.h"
   8          #include "seg.h"
   9          #include "key.h"
  10          #include "iic.h"
  11          #include "boolean.h"
  12          #include "dkey.h"
  13          
  14          sbit LED = P0^0;
  15          
  16          
  17          uint8_t s[9] = "-1- 0120";
  18          
  19          uint8_t key_value,mode;
  20          uint8_t sec_mode = 1;
  21          
  22          //模式一里的倒计时计数器
  23          uint16_t sec,sec_count;
  24          
  25          void init(){
  26   1        
  27   1        Cls_Peripheral();
  28   1        Timer1Init();
  29   1        reset_sel();
  30   1        //在数码管上显示模式一的初始内容
  31   1        seg_display(s);
  32   1      
  33   1      }
  34          
  35          void mode1(){
  36   1        
  37   1        sec = 120;
  38   1        
  39   1        while(1){
  40   2          sprintf(s, "-1- 0%03d", sec);
  41   2          seg_display(s);
  42   2          
  43   2          //S4按键被按下，退出函数
  44   2          if(s4_is_pressed()){
  45   3            return;
  46   3          }
  47   2          
  48   2          //如果s5按键被按下，调整时间
  49   2          if(s5_is_pressed()){
  50   3      
  51   3            switch(sec_mode){
  52   4              case(0):
  53   4                sec_mode = 1;
  54   4                sec = 120;
C51 COMPILER V9.59.0.0   MAIN                                                              11/06/2020 17:12:18 PAGE 2   

  55   4                break;
  56   4              case(1):
  57   4                sec_mode = 2;
  58   4                sec = 240;
  59   4                break;
  60   4              default:
  61   4                sec_mode = 0;
  62   4                sec = 0;
  63   4            }
  64   3      
  65   3          }
  66   2        }
  67   1      
  68   1      }
  69          
  70          void mode2(){
  71   1      
  72   1        int temp;
  73   1        while(1){
  74   2          temp = PCF891_Adc();
  75   2          sprintf(s, "%03d  25C", sec);
  76   2          seg_display(s);
  77   2          
  78   2          //S4按键被按下，退出函数
  79   2          if(s4_is_pressed()){
  80   3      
  81   3            return;
  82   3          }
  83   2        }
  84   1        
  85   1        
  86   1      
  87   1      }
  88          
  89          /*
  90          void SentByte(uint8_t x)
  91          {
  92            SBUF=x;
  93            while(TI==0);
  94            TI=0;
  95          }
  96          */
  97          
  98          void main(){
  99   1        
 100   1        init();
 101   1        P0 = 0xFF;
 102   1        
 103   1        while(1){
 104   2          
 105   2          mode1();
 106   2          mode2();
 107   2        
 108   2        }
 109   1        
 110   1      }
 111          
 112          
 113          void timer1_int() interrupt 3{
 114   1        
 115   1        if(++sec_count >= 1000){
 116   2          sec_count = 0;
C51 COMPILER V9.59.0.0   MAIN                                                              11/06/2020 17:12:18 PAGE 3   

 117   2          if(sec > 0){
 118   3            sec--;
 119   3          }
 120   2        }
 121   1      
 122   1      }


MODULE INFORMATION:   STATIC OVERLAYABLE
   CODE SIZE        =    218    ----
   CONSTANT SIZE    =     20    ----
   XDATA SIZE       =   ----    ----
   PDATA SIZE       =   ----    ----
   DATA SIZE        =     16       2
   IDATA SIZE       =   ----    ----
   BIT SIZE         =   ----    ----
END OF MODULE INFORMATION.


C51 COMPILATION COMPLETE.  0 WARNING(S),  0 ERROR(S)
